[2025-09-01 19:26:03] [2025-09-01 19:26:03] Uncaught: Test handler local in C:\xampp\htdocs\Hieribal2\public\index.php:122
Trace:
#0 {main}


[2025-09-12 19:36:11] [2025-09-12 19:36:11] Uncaught: require(C:\xampp\htdocs\Hieribal2\public/../vendor/autoload.php): Failed to open stream: No such file or directory in C:\xampp\htdocs\Hieribal2\public\index.php:101

[2025-09-12 19:21:24] [2025-09-12 19:21:24] Uncaught: require(C:\xampp\htdocs\Hieribal2\public/../vendor/autoload.php): Failed to open stream: No such file or directory in C:\xampp\htdocs\Hieribal2\public\index.php:101

Trace:
#0 C:\xampp\htdocs\Hieribal2\public\index.php(101): {closure}(2, 'require(C:\\xamp...', 'C:\\xampp\\htdocs...', 101)
#1 C:\xampp\htdocs\Hieribal2\public\index.php(101): require()
#2 {main}

[2025-09-12 20:01:39] [2025-09-12 20:01:39] Uncaught: SQLSTATE[HY000] [2002] No se puede establecer una conexión ya que el equipo de destino denegó expresamente dicha conexión in C:\xampp\htdocs\Hieribal2\core\Database.php:21
Trace:
#0 C:\xampp\htdocs\Hieribal2\core\Database.php(21): PDO->__construct('mysql:host=127....', 'root', '', Array)
#1 C:\xampp\htdocs\Hieribal2\models\Cliente.php(11): Core\Database::get(Array)
#2 C:\xampp\htdocs\Hieribal2\controllers\AuthController.php(18): Models\Cliente->__construct(Array)
#3 C:\xampp\htdocs\Hieribal2\public\index.php(122): Controllers\AuthController->__construct(Array)
#4 {main}

[2025-09-12 20:01:54] [2025-09-12 20:01:54] Uncaught: SQLSTATE[HY000] [2002] No se puede establecer una conexión ya que el equipo de destino denegó expresamente dicha conexión in C:\xampp\htdocs\Hieribal2\core\Database.php:21
Trace:
#0 C:\xampp\htdocs\Hieribal2\core\Database.php(21): PDO->__construct('mysql:host=127....', 'root', '', Array)
#1 C:\xampp\htdocs\Hieribal2\models\Cliente.php(11): Core\Database::get(Array)
#2 C:\xampp\htdocs\Hieribal2\controllers\AuthController.php(18): Models\Cliente->__construct(Array)
#3 C:\xampp\htdocs\Hieribal2\public\index.php(122): Controllers\AuthController->__construct(Array)
#4 {main}

[2025-09-12 20:01:59] [2025-09-12 20:01:59] Uncaught: SQLSTATE[HY000] [2002] No se puede establecer una conexión ya que el equipo de destino denegó expresamente dicha conexión in C:\xampp\htdocs\Hieribal2\core\Database.php:21
Trace:
#0 C:\xampp\htdocs\Hieribal2\core\Database.php(21): PDO->__construct('mysql:host=127....', 'root', '', Array)
#1 C:\xampp\htdocs\Hieribal2\models\Cliente.php(11): Core\Database::get(Array)
#2 C:\xampp\htdocs\Hieribal2\controllers\AuthController.php(18): Models\Cliente->__construct(Array)
#3 C:\xampp\htdocs\Hieribal2\public\index.php(122): Controllers\AuthController->__construct(Array)
#4 {main}

[2025-09-12 20:02:13] [2025-09-12 20:02:13] Uncaught: SQLSTATE[HY000] [2002] No se puede establecer una conexión ya que el equipo de destino denegó expresamente dicha conexión in C:\xampp\htdocs\Hieribal2\core\Database.php:21
Trace:
#0 C:\xampp\htdocs\Hieribal2\core\Database.php(21): PDO->__construct('mysql:host=127....', 'root', '', Array)
#1 C:\xampp\htdocs\Hieribal2\models\Cliente.php(11): Core\Database::get(Array)
#2 C:\xampp\htdocs\Hieribal2\controllers\AuthController.php(18): Models\Cliente->__construct(Array)
#3 C:\xampp\htdocs\Hieribal2\public\index.php(122): Controllers\AuthController->__construct(Array)
#4 {main}

[2025-09-12 20:03:33] [2025-09-12 20:03:33] Uncaught: SQLSTATE[HY000] [2002] No se puede establecer una conexión ya que el equipo de destino denegó expresamente dicha conexión in C:\xampp\htdocs\Hieribal2\core\Database.php:21
Trace:
#0 C:\xampp\htdocs\Hieribal2\core\Database.php(21): PDO->__construct('mysql:host=127....', 'root', '', Array)
#1 C:\xampp\htdocs\Hieribal2\models\Cliente.php(11): Core\Database::get(Array)
#2 C:\xampp\htdocs\Hieribal2\controllers\AuthController.php(18): Models\Cliente->__construct(Array)
#3 C:\xampp\htdocs\Hieribal2\public\index.php(122): Controllers\AuthController->__construct(Array)
#4 {main}

[2025-09-12 20:04:47] [2025-09-12 20:04:47] Uncaught: SQLSTATE[HY000] [2002] No se puede establecer una conexión ya que el equipo de destino denegó expresamente dicha conexión in C:\xampp\htdocs\Hieribal2\core\Database.php:21
Trace:
#0 C:\xampp\htdocs\Hieribal2\core\Database.php(21): PDO->__construct('mysql:host=127....', 'root', '', Array)
#1 C:\xampp\htdocs\Hieribal2\models\Cliente.php(11): Core\Database::get(Array)
#2 C:\xampp\htdocs\Hieribal2\controllers\AuthController.php(18): Models\Cliente->__construct(Array)
#3 C:\xampp\htdocs\Hieribal2\public\index.php(122): Controllers\AuthController->__construct(Array)
#4 {main}

[2025-09-12 20:04:55] [2025-09-12 20:04:55] Uncaught: SQLSTATE[HY000] [2002] No se puede establecer una conexión ya que el equipo de destino denegó expresamente dicha conexión in C:\xampp\htdocs\Hieribal2\core\Database.php:21
Trace:
#0 C:\xampp\htdocs\Hieribal2\core\Database.php(21): PDO->__construct('mysql:host=127....', 'root', '', Array)
#1 C:\xampp\htdocs\Hieribal2\models\Cliente.php(11): Core\Database::get(Array)
#2 C:\xampp\htdocs\Hieribal2\controllers\AuthController.php(18): Models\Cliente->__construct(Array)
#3 C:\xampp\htdocs\Hieribal2\public\index.php(122): Controllers\AuthController->__construct(Array)
#4 {main}

[2025-09-12 20:05:26] [2025-09-12 20:05:26] Uncaught: SQLSTATE[HY000] [2002] No se puede establecer una conexión ya que el equipo de destino denegó expresamente dicha conexión in C:\xampp\htdocs\Hieribal2\core\Database.php:21
Trace:
#0 C:\xampp\htdocs\Hieribal2\core\Database.php(21): PDO->__construct('mysql:host=127....', 'root', '', Array)
#1 C:\xampp\htdocs\Hieribal2\models\Cliente.php(11): Core\Database::get(Array)
#2 C:\xampp\htdocs\Hieribal2\controllers\AuthController.php(18): Models\Cliente->__construct(Array)
#3 C:\xampp\htdocs\Hieribal2\public\index.php(122): Controllers\AuthController->__construct(Array)
#4 {main}

[2025-09-12 19:36:04] [2025-09-12 19:36:04] Uncaught: require(C:\xampp\htdocs\Hieribal2\public/../vendor/autoload.php): Failed to open stream: No such file or directory in C:\xampp\htdocs\Hieribal2\public\index.php:101
Trace:
#0 C:\xampp\htdocs\Hieribal2\public\index.php(101): {closure}(2, 'require(C:\\xamp...', 'C:\\xampp\\htdocs...', 101)
#1 C:\xampp\htdocs\Hieribal2\public\index.php(101): require()
#2 {main}


[2025-09-17 18:56:08] [2025-09-17 18:56:08] Uncaught: session_start(): Ignoring session_start() because a session is already active in C:\xampp\htdocs\Hieribal2\public\api\config_api.php:3
Trace:
#0 [internal function]: {closure}(8, 'session_start()...', 'C:\\xampp\\htdocs...', 3)
#1 C:\xampp\htdocs\Hieribal2\public\api\config_api.php(3): session_start()
#2 C:\xampp\htdocs\Hieribal2\public\index.php(168): require('C:\\xampp\\htdocs...')
#3 {main}

[2025-09-17 18:56:22] [2025-09-17 18:56:22] Uncaught: session_start(): Ignoring session_start() because a session is already active in C:\xampp\htdocs\Hieribal2\public\api\config_api.php:3
Trace:
#0 [internal function]: {closure}(8, 'session_start()...', 'C:\\xampp\\htdocs...', 3)
#1 C:\xampp\htdocs\Hieribal2\public\api\config_api.php(3): session_start()
#2 C:\xampp\htdocs\Hieribal2\public\index.php(168): require('C:\\xampp\\htdocs...')
#3 {main}

[2025-09-17 19:23:53] [2025-09-17 19:23:53] Uncaught: Undefined variable $base in C:\xampp\htdocs\Hieribal2\views\home\dashboard.php:11
Trace:
#0 C:\xampp\htdocs\Hieribal2\views\home\dashboard.php(11): {closure}(2, 'Undefined varia...', 'C:\\xampp\\htdocs...', 11)
#1 C:\xampp\htdocs\Hieribal2\core\Controller.php(23): require('C:\\xampp\\htdocs...')
#2 C:\xampp\htdocs\Hieribal2\controllers\HomeController.php(37): Core\Controller->render('home/dashboard', Array, 'Panel')
#3 C:\xampp\htdocs\Hieribal2\public\index.php(136): Controllers\HomeController->dashboard()
#4 {main}

[2025-09-17 19:23:58] [2025-09-17 19:23:58] Uncaught: Undefined variable $base in C:\xampp\htdocs\Hieribal2\views\home\dashboard.php:11
Trace:
#0 C:\xampp\htdocs\Hieribal2\views\home\dashboard.php(11): {closure}(2, 'Undefined varia...', 'C:\\xampp\\htdocs...', 11)
#1 C:\xampp\htdocs\Hieribal2\core\Controller.php(23): require('C:\\xampp\\htdocs...')
#2 C:\xampp\htdocs\Hieribal2\controllers\HomeController.php(37): Core\Controller->render('home/dashboard', Array, 'Panel')
#3 C:\xampp\htdocs\Hieribal2\public\index.php(136): Controllers\HomeController->dashboard()
#4 {main}

[2025-09-17 19:24:50] [2025-09-17 19:24:50] Uncaught: Undefined variable $base in C:\xampp\htdocs\Hieribal2\views\home\dashboard.php:11
Trace:
#0 C:\xampp\htdocs\Hieribal2\views\home\dashboard.php(11): {closure}(2, 'Undefined varia...', 'C:\\xampp\\htdocs...', 11)
#1 C:\xampp\htdocs\Hieribal2\core\Controller.php(23): require('C:\\xampp\\htdocs...')
#2 C:\xampp\htdocs\Hieribal2\controllers\HomeController.php(37): Core\Controller->render('home/dashboard', Array, 'Panel')
#3 C:\xampp\htdocs\Hieribal2\public\index.php(136): Controllers\HomeController->dashboard()
#4 {main}


[2025-09-17 20:17:07] [2025-09-17 20:17:07] Uncaught: Class "controllers\AdminProveedores" not found in C:\xampp\htdocs\Hieribal2\public\index.php:184
Trace:
#0 {main}

[2025-09-17 20:19:19] [2025-09-17 20:19:19] Uncaught: Class "controllers\AdminProveedores" not found in C:\xampp\htdocs\Hieribal2\public\index.php:184
Trace:
#0 {main}

[2025-09-17 20:19:19] [2025-09-17 20:19:19] Uncaught: Class "controllers\AdminProveedores" not found in C:\xampp\htdocs\Hieribal2\public\index.php:184
Trace:
#0 {main}

[2025-09-17 20:25:54] [2025-09-17 20:25:54] Uncaught: Class "controllers\AdminProveedores" not found in C:\xampp\htdocs\Hieribal2\public\index.php:184
Trace:
#0 {main}

[2025-09-17 20:29:18] [2025-09-17 20:29:18] Uncaught: Class "controllers\AdminProveedores" not found in C:\xampp\htdocs\Hieribal2\public\index.php:184
Trace:
#0 {main}

[2025-09-17 20:29:54] [2025-09-17 20:29:54] Uncaught: Class "controllers\AdminProveedores" not found in C:\xampp\htdocs\Hieribal2\public\index.php:184
Trace:
#0 {main}

[2025-09-17 20:29:54] [2025-09-17 20:29:54] Uncaught: Class "controllers\AdminProveedores" not found in C:\xampp\htdocs\Hieribal2\public\index.php:184
Trace:
#0 {main}

[2025-09-17 20:29:54] [2025-09-17 20:29:54] Uncaught: Class "controllers\AdminProveedores" not found in C:\xampp\htdocs\Hieribal2\public\index.php:184
Trace:
#0 {main}

[2025-09-17 20:29:55] [2025-09-17 20:29:55] Uncaught: Class "controllers\AdminProveedores" not found in C:\xampp\htdocs\Hieribal2\public\index.php:184
Trace:
#0 {main}

[2025-09-17 20:29:55] [2025-09-17 20:29:55] Uncaught: Class "controllers\AdminProveedores" not found in C:\xampp\htdocs\Hieribal2\public\index.php:184
Trace:
#0 {main}

[2025-09-17 20:29:55] [2025-09-17 20:29:55] Uncaught: Class "controllers\AdminProveedores" not found in C:\xampp\htdocs\Hieribal2\public\index.php:184
Trace:
#0 {main}

[2025-09-17 20:30:09] [2025-09-17 20:30:09] Uncaught: Class "controllers\AdminProveedores" not found in C:\xampp\htdocs\Hieribal2\public\index.php:184
Trace:
#0 {main}

[2025-09-17 20:35:33] [2025-09-17 20:35:33] Uncaught: Class "controllers\AdminProveedores" not found in C:\xampp\htdocs\Hieribal2\public\index.php:184
Trace:
#0 {main}

[2025-09-17 20:35:33] [2025-09-17 20:35:33] Uncaught: Class "controllers\AdminProveedores" not found in C:\xampp\htdocs\Hieribal2\public\index.php:184
Trace:
#0 {main}

[2025-09-17 20:35:34] [2025-09-17 20:35:34] Uncaught: Class "controllers\AdminProveedores" not found in C:\xampp\htdocs\Hieribal2\public\index.php:184
Trace:
#0 {main}

[2025-09-17 20:35:34] [2025-09-17 20:35:34] Uncaught: Class "controllers\AdminProveedores" not found in C:\xampp\htdocs\Hieribal2\public\index.php:184
Trace:
#0 {main}

[2025-09-17 20:35:34] [2025-09-17 20:35:34] Uncaught: Class "controllers\AdminProveedores" not found in C:\xampp\htdocs\Hieribal2\public\index.php:184
Trace:
#0 {main}

[2025-09-17 20:35:34] [2025-09-17 20:35:34] Uncaught: Class "controllers\AdminProveedores" not found in C:\xampp\htdocs\Hieribal2\public\index.php:184
Trace:
#0 {main}

[2025-09-17 20:37:38] [2025-09-17 20:37:38] Uncaught: Class "Controllers\controllers" not found in C:\xampp\htdocs\Hieribal2\controllers\AdminProveedores.php:9
Trace:
#0 C:\xampp\htdocs\Hieribal2\vendor\composer\ClassLoader.php(576): include()
#1 C:\xampp\htdocs\Hieribal2\vendor\composer\ClassLoader.php(427): Composer\Autoload\{closure}('C:\\xampp\\htdocs...')
#2 C:\xampp\htdocs\Hieribal2\public\index.php(184): Composer\Autoload\ClassLoader->loadClass('Controllers\\Adm...')
#3 {main}

[2025-09-17 20:38:50] [2025-09-17 20:38:50] Uncaught: Class "Controllers\controllers" not found in C:\xampp\htdocs\Hieribal2\controllers\AdminProveedores.php:10
Trace:
#0 C:\xampp\htdocs\Hieribal2\vendor\composer\ClassLoader.php(576): include()
#1 C:\xampp\htdocs\Hieribal2\vendor\composer\ClassLoader.php(427): Composer\Autoload\{closure}('C:\\xampp\\htdocs...')
#2 C:\xampp\htdocs\Hieribal2\public\index.php(184): Composer\Autoload\ClassLoader->loadClass('Controllers\\Adm...')
#3 {main}

[2025-09-17 20:39:35] [2025-09-17 20:39:35] Uncaught: Class "controllers\Controllers" not found in C:\xampp\htdocs\Hieribal2\controllers\AdminProveedores.php:10
Trace:
#0 C:\xampp\htdocs\Hieribal2\vendor\composer\ClassLoader.php(576): include()
#1 C:\xampp\htdocs\Hieribal2\vendor\composer\ClassLoader.php(427): Composer\Autoload\{closure}('C:\\xampp\\htdocs...')
#2 C:\xampp\htdocs\Hieribal2\public\index.php(184): Composer\Autoload\ClassLoader->loadClass('Controllers\\Adm...')
#3 {main}

[2025-09-17 20:39:38] [2025-09-17 20:39:38] Uncaught: Class "controllers\Controllers" not found in C:\xampp\htdocs\Hieribal2\controllers\AdminProveedores.php:10
Trace:
#0 C:\xampp\htdocs\Hieribal2\vendor\composer\ClassLoader.php(576): include()
#1 C:\xampp\htdocs\Hieribal2\vendor\composer\ClassLoader.php(427): Composer\Autoload\{closure}('C:\\xampp\\htdocs...')
#2 C:\xampp\htdocs\Hieribal2\public\index.php(184): Composer\Autoload\ClassLoader->loadClass('Controllers\\Adm...')
#3 {main}

[2025-09-17 20:40:12] [2025-09-17 20:40:12] Uncaught: Class "Models\Proveedor" not found in C:\xampp\htdocs\Hieribal2\controllers\AdminProveedores.php:16
Trace:
#0 C:\xampp\htdocs\Hieribal2\public\index.php(184): Controllers\AdminProveedores->__construct(Array)
#1 {main}

[2025-09-17 20:40:59] [2025-09-17 20:40:59] Uncaught: Class "Controllers\Proveedor" not found in C:\xampp\htdocs\Hieribal2\controllers\AdminProveedores.php:16
Trace:
#0 C:\xampp\htdocs\Hieribal2\public\index.php(184): Controllers\AdminProveedores->__construct(Array)
#1 {main}

[2025-09-17 20:41:01] [2025-09-17 20:41:01] Uncaught: Class "Controllers\Proveedor" not found in C:\xampp\htdocs\Hieribal2\controllers\AdminProveedores.php:16
Trace:
#0 C:\xampp\htdocs\Hieribal2\public\index.php(184): Controllers\AdminProveedores->__construct(Array)
#1 {main}

[2025-09-17 20:41:21] [2025-09-17 20:41:21] Uncaught: Class "Controllers\Proveedor" not found in C:\xampp\htdocs\Hieribal2\controllers\AdminProveedores.php:16
Trace:
#0 C:\xampp\htdocs\Hieribal2\public\index.php(184): Controllers\AdminProveedores->__construct(Array)
#1 {main}

[2025-09-17 20:41:27] [2025-09-17 20:41:27] Uncaught: Class "Controllers\Proveedor" not found in C:\xampp\htdocs\Hieribal2\controllers\AdminProveedores.php:16
Trace:
#0 C:\xampp\htdocs\Hieribal2\public\index.php(184): Controllers\AdminProveedores->__construct(Array)
#1 {main}

[2025-09-17 20:43:07] [2025-09-17 20:43:07] Uncaught: Class "Models\UsuarioProveedores" not found in C:\xampp\htdocs\Hieribal2\controllers\AdminProveedores.php:16
Trace:
#0 C:\xampp\htdocs\Hieribal2\public\index.php(184): Controllers\AdminProveedores->__construct(Array)
#1 {main}

[2025-09-17 20:45:21] [2025-09-17 20:45:21] Uncaught: Models\UsuarioProveedores::__construct(): Argument #1 ($db) must be of type PDO, array given, called in C:\xampp\htdocs\Hieribal2\controllers\AdminProveedores.php on line 16 in C:\xampp\htdocs\Hieribal2\models\UsuarioProveedores.php:10
Trace:
#0 C:\xampp\htdocs\Hieribal2\controllers\AdminProveedores.php(16): Models\UsuarioProveedores->__construct(Array)
#1 C:\xampp\htdocs\Hieribal2\public\index.php(184): Controllers\AdminProveedores->__construct(Array)
#2 {main}

[2025-09-17 20:47:18] [2025-09-17 20:47:18] Uncaught: Models\UsuarioProveedores::__construct(): Argument #1 ($db) must be of type PDO, array given, called in C:\xampp\htdocs\Hieribal2\controllers\AdminProveedores.php on line 16 in C:\xampp\htdocs\Hieribal2\models\UsuarioProveedores.php:10
Trace:
#0 C:\xampp\htdocs\Hieribal2\controllers\AdminProveedores.php(16): Models\UsuarioProveedores->__construct(Array)
#1 C:\xampp\htdocs\Hieribal2\public\index.php(184): Controllers\AdminProveedores->__construct(Array)
#2 {main}

[2025-09-17 20:47:29] [2025-09-17 20:47:29] Uncaught: Models\UsuarioProveedores::__construct(): Argument #1 ($db) must be of type PDO, array given, called in C:\xampp\htdocs\Hieribal2\controllers\AdminProveedores.php on line 16 in C:\xampp\htdocs\Hieribal2\models\UsuarioProveedores.php:10
Trace:
#0 C:\xampp\htdocs\Hieribal2\controllers\AdminProveedores.php(16): Models\UsuarioProveedores->__construct(Array)
#1 C:\xampp\htdocs\Hieribal2\public\index.php(184): Controllers\AdminProveedores->__construct(Array)
#2 {main}

[2025-09-17 20:51:11] [2025-09-17 20:51:11] Uncaught: Undefined property: Controllers\AdminProveedores::$db in C:\xampp\htdocs\Hieribal2\controllers\AdminProveedores.php:17
Trace:
#0 C:\xampp\htdocs\Hieribal2\controllers\AdminProveedores.php(17): {closure}(2, 'Undefined prope...', 'C:\\xampp\\htdocs...', 17)
#1 C:\xampp\htdocs\Hieribal2\public\index.php(184): Controllers\AdminProveedores->__construct(Array)
#2 {main}

[2025-09-17 20:55:14] [2025-09-17 20:55:14] Uncaught: Undefined property: Controllers\AdminProveedores::$db in C:\xampp\htdocs\Hieribal2\controllers\AdminProveedores.php:17
Trace:
#0 C:\xampp\htdocs\Hieribal2\controllers\AdminProveedores.php(17): {closure}(2, 'Undefined prope...', 'C:\\xampp\\htdocs...', 17)
#1 C:\xampp\htdocs\Hieribal2\public\index.php(184): Controllers\AdminProveedores->__construct(Array)
#2 {main}

[2025-09-17 20:56:16] [2025-09-17 20:56:16] Uncaught: Undefined property: Controllers\AdminProveedores::$db in C:\xampp\htdocs\Hieribal2\controllers\AdminProveedores.php:17
Trace:
#0 C:\xampp\htdocs\Hieribal2\controllers\AdminProveedores.php(17): {closure}(2, 'Undefined prope...', 'C:\\xampp\\htdocs...', 17)
#1 C:\xampp\htdocs\Hieribal2\public\index.php(184): Controllers\AdminProveedores->__construct(Array)


[2025-09-23 18:08:03] [2025-09-23 18:08:03] Uncaught: include(C:\xampp\htdocs\Hieribal2\views\admin\inventario/modal_inventario.php): Failed to open stream: No such file or directory in C:\xampp\htdocs\Hieribal2\views\admin\inventario\index.php:60
Trace:
#0 C:\xampp\htdocs\Hieribal2\views\admin\inventario\index.php(60): {closure}(2, 'include(C:\\xamp...', 'C:\\xampp\\htdocs...', 60)
#1 C:\xampp\htdocs\Hieribal2\views\admin\inventario\index.php(60): include()
#2 C:\xampp\htdocs\Hieribal2\core\Controller.php(23): require('C:\\xampp\\htdocs...')
#3 C:\xampp\htdocs\Hieribal2\controllers\AdminDashboardController.php(84): Core\Controller->render('admin/inventari...', Array)
#4 C:\xampp\htdocs\Hieribal2\public\index.php(161): Controllers\AdminDashboardController->inventario()
#5 {main}

[2025-09-23 18:17:23] [2025-09-23 18:17:23] Uncaught: include(C:\xampp\htdocs\Hieribal2\views\admin\inventario/modal_inventario.php): Failed to open stream: No such file or directory in C:\xampp\htdocs\Hieribal2\views\admin\inventario\index.php:61
Trace:
#0 C:\xampp\htdocs\Hieribal2\views\admin\inventario\index.php(61): {closure}(2, 'include(C:\\xamp...', 'C:\\xampp\\htdocs...', 61)
#1 C:\xampp\htdocs\Hieribal2\views\admin\inventario\index.php(61): include()
#2 C:\xampp\htdocs\Hieribal2\core\Controller.php(23): require('C:\\xampp\\htdocs...')
#3 C:\xampp\htdocs\Hieribal2\controllers\AdminDashboardController.php(84): Core\Controller->render('admin/inventari...', Array)
#4 C:\xampp\htdocs\Hieribal2\public\index.php(161): Controllers\AdminDashboardController->inventario()
#5 {main}

[2025-09-29 10:17:39] [2025-09-29 10:17:39] Uncaught: require(C:\xampp\htdocs\Hieribal2\public/../vendor/autoload.php): Failed to open stream: No such file or directory in C:\xampp\htdocs\Hieribal2\public\index.php:104
Trace:
#0 C:\xampp\htdocs\Hieribal2\public\index.php(104): {closure}(2, 'require(C:\\xamp...', 'C:\\xampp\\htdocs...', 104)
#1 C:\xampp\htdocs\Hieribal2\public\index.php(104): require()
#2 {main}

[2025-09-29 10:17:48] [2025-09-29 10:17:48] Uncaught: require(C:\xampp\htdocs\Hieribal2\vendor\autoload.php): Failed to open stream: No such file or directory in C:\xampp\htdocs\Hieribal2\public\index.php:104
Trace:
#0 C:\xampp\htdocs\Hieribal2\public\index.php(104): {closure}(2, 'require(C:\\xamp...', 'C:\\xampp\\htdocs...', 104)
#1 C:\xampp\htdocs\Hieribal2\public\index.php(104): require()
#2 {main}

[2025-09-29 10:17:48] [2025-09-29 10:17:48] Uncaught: require(C:\xampp\htdocs\Hieribal2\public/../vendor/autoload.php): Failed to open stream: No such file or directory in C:\xampp\htdocs\Hieribal2\public\index.php:104
Trace:
#0 C:\xampp\htdocs\Hieribal2\public\index.php(104): {closure}(2, 'require(C:\\xamp...', 'C:\\xampp\\htdocs...', 104)
#1 C:\xampp\htdocs\Hieribal2\public\index.php(104): require()
#2 {main}

[2025-09-29 10:17:54] [2025-09-29 10:17:54] Uncaught: require(C:\xampp\htdocs\Hieribal2\public/../vendor/autoload.php): Failed to open stream: No such file or directory in C:\xampp\htdocs\Hieribal2\public\index.php:104
Trace:
#0 C:\xampp\htdocs\Hieribal2\public\index.php(104): {closure}(2, 'require(C:\\xamp...', 'C:\\xampp\\htdocs...', 104)
#1 C:\xampp\htdocs\Hieribal2\public\index.php(104): require()
#2 {main}

[2025-09-29 10:24:56] [2025-09-29 10:24:56] Uncaught: require(C:\xampp\htdocs\Hieribal2\public/../vendor/autoload.php): Failed to open stream: No such file or directory in C:\xampp\htdocs\Hieribal2\public\index.php:104
Trace:
#0 C:\xampp\htdocs\Hieribal2\public\index.php(104): {closure}(2, 'require(C:\\xamp...', 'C:\\xampp\\htdocs...', 104)
#1 C:\xampp\htdocs\Hieribal2\public\index.php(104): require()
#2 {main}

[2025-09-29 10:24:59] [2025-09-29 10:24:59] Uncaught: require(C:\xampp\htdocs\Hieribal2\public/../vendor/autoload.php): Failed to open stream: No such file or directory in C:\xampp\htdocs\Hieribal2\public\index.php:104
Trace:
#0 C:\xampp\htdocs\Hieribal2\public\index.php(104): {closure}(2, 'require(C:\\xamp...', 'C:\\xampp\\htdocs...', 104)
#1 C:\xampp\htdocs\Hieribal2\public\index.php(104): require()
#2 {main}

[2025-09-29 10:25:00] [2025-09-29 10:25:00] Uncaught: require(C:\xampp\htdocs\Hieribal2\public/../vendor/autoload.php): Failed to open stream: No such file or directory in C:\xampp\htdocs\Hieribal2\public\index.php:104
Trace:
#0 C:\xampp\htdocs\Hieribal2\public\index.php(104): {closure}(2, 'require(C:\\xamp...', 'C:\\xampp\\htdocs...', 104)
#1 C:\xampp\htdocs\Hieribal2\public\index.php(104): require()
#2 {main}

[2025-09-29 11:28:19] [2025-09-29 11:28:19] Uncaught: Class "controllers\controllers" not found in C:\xampp\htdocs\Hieribal2\controllers\AdminProducto.php:9
Trace:
#0 C:\xampp\htdocs\Hieribal2\vendor\composer\ClassLoader.php(576): include()
#1 C:\xampp\htdocs\Hieribal2\vendor\composer\ClassLoader.php(427): Composer\Autoload\{closure}('C:\\xampp\\htdocs...')
#2 C:\xampp\htdocs\Hieribal2\public\index.php(191): Composer\Autoload\ClassLoader->loadClass('Controllers\\Adm...')
#3 {main}

[2025-09-29 11:28:32] [2025-09-29 11:28:32] Uncaught: Class "controllers\controllers" not found in C:\xampp\htdocs\Hieribal2\controllers\AdminProducto.php:9
Trace:
#0 C:\xampp\htdocs\Hieribal2\vendor\composer\ClassLoader.php(576): include()
#1 C:\xampp\htdocs\Hieribal2\vendor\composer\ClassLoader.php(427): Composer\Autoload\{closure}('C:\\xampp\\htdocs...')
#2 C:\xampp\htdocs\Hieribal2\public\index.php(191): Composer\Autoload\ClassLoader->loadClass('Controllers\\Adm...')
#3 {main}

[2025-09-29 11:36:02] [2025-09-29 11:36:02] Uncaught: Models\Producto::__construct(): Argument #1 ($config) must be of type array, PDO given, called in C:\xampp\htdocs\Hieribal2\controllers\AdminProducto.php on line 22 in C:\xampp\htdocs\Hieribal2\models\Producto.php:10
Trace:
#0 C:\xampp\htdocs\Hieribal2\controllers\AdminProducto.php(22): Models\Producto->__construct(Object(PDO))
#1 C:\xampp\htdocs\Hieribal2\public\index.php(191): Controllers\AdminProducto->__construct(Array)
#2 {main}

[2025-09-29 11:37:58] [2025-09-29 11:37:58] Uncaught: Models\Producto::__construct(): Argument #1 ($config) must be of type array, PDO given, called in C:\xampp\htdocs\Hieribal2\controllers\AdminProducto.php on line 22 in C:\xampp\htdocs\Hieribal2\models\Producto.php:10
Trace:
#0 C:\xampp\htdocs\Hieribal2\controllers\AdminProducto.php(22): Models\Producto->__construct(Object(PDO))
#1 C:\xampp\htdocs\Hieribal2\public\index.php(191): Controllers\AdminProducto->__construct(Array)
#2 {main}

[2025-09-29 11:40:28] [2025-09-29 11:40:28] Uncaught: Models\Producto::__construct(): Argument #1 ($config) must be of type array, PDO given, called in C:\xampp\htdocs\Hieribal2\controllers\AdminProducto.php on line 22 in C:\xampp\htdocs\Hieribal2\models\Producto.php:10
Trace:
#0 C:\xampp\htdocs\Hieribal2\controllers\AdminProducto.php(22): Models\Producto->__construct(Object(PDO))
#1 C:\xampp\htdocs\Hieribal2\public\index.php(191): Controllers\AdminProducto->__construct(Array)
#2 {main}

[2025-09-29 11:46:18] [2025-09-29 11:46:18] Uncaught: syntax error, unexpected token "<", expecting end of file in C:\xampp\htdocs\Hieribal2\views\admin\dashboard.php:5
Trace:
#0 C:\xampp\htdocs\Hieribal2\controllers\AdminDashboardController.php(48): Core\Controller->render('admin/dashboard', Array)
#1 C:\xampp\htdocs\Hieribal2\public\index.php(166): Controllers\AdminDashboardController->index()
#2 {main}

[2025-09-29 11:51:12] [2025-09-29 11:51:12] Uncaught: Models\Producto::__construct(): Argument #1 ($config) must be of type array, PDO given, called in C:\xampp\htdocs\Hieribal2\controllers\AdminProducto.php on line 22 in C:\xampp\htdocs\Hieribal2\models\Producto.php:10
Trace:
#0 C:\xampp\htdocs\Hieribal2\controllers\AdminProducto.php(22): Models\Producto->__construct(Object(PDO))
#1 C:\xampp\htdocs\Hieribal2\public\index.php(191): Controllers\AdminProducto->__construct(Array)
#2 {main}

[2025-09-29 11:52:49] [2025-09-29 11:52:49] Uncaught: Models\Producto::__construct(): Argument #1 ($config) must be of type array, PDO given, called in C:\xampp\htdocs\Hieribal2\controllers\AdminProducto.php on line 22 in C:\xampp\htdocs\Hieribal2\models\Producto.php:10
Trace:
#0 C:\xampp\htdocs\Hieribal2\controllers\AdminProducto.php(22): Models\Producto->__construct(Object(PDO))
#1 C:\xampp\htdocs\Hieribal2\public\index.php(191): Controllers\AdminProducto->__construct(Array)
#2 {main}

[2025-09-29 11:53:34] [2025-09-29 11:53:34] Uncaught: Models\Producto::__construct(): Argument #1 ($config) must be of type array, PDO given, called in C:\xampp\htdocs\Hieribal2\controllers\AdminProducto.php on line 22 in C:\xampp\htdocs\Hieribal2\models\Producto.php:10
Trace:
#0 C:\xampp\htdocs\Hieribal2\controllers\AdminProducto.php(22): Models\Producto->__construct(Object(PDO))
#1 C:\xampp\htdocs\Hieribal2\public\index.php(191): Controllers\AdminProducto->__construct(Array)
#2 {main}

[2025-09-29 11:54:43] [2025-09-29 11:54:43] Uncaught: Models\Producto::__construct(): Argument #1 ($config) must be of type array, PDO given, called in C:\xampp\htdocs\Hieribal2\controllers\AdminProducto.php on line 22 in C:\xampp\htdocs\Hieribal2\models\Producto.php:10
Trace:
#0 C:\xampp\htdocs\Hieribal2\controllers\AdminProducto.php(22): Models\Producto->__construct(Object(PDO))
#1 C:\xampp\htdocs\Hieribal2\public\index.php(191): Controllers\AdminProducto->__construct(Array)
#2 {main}

[2025-09-29 11:58:12] [2025-09-29 11:58:12] Uncaught: Models\Producto::__construct(): Argument #1 ($config) must be of type array, PDO given, called in C:\xampp\htdocs\Hieribal2\controllers\AdminProducto.php on line 22 in C:\xampp\htdocs\Hieribal2\models\Producto.php:10
Trace:
#0 C:\xampp\htdocs\Hieribal2\controllers\AdminProducto.php(22): Models\Producto->__construct(Object(PDO))
#1 C:\xampp\htdocs\Hieribal2\public\index.php(191): Controllers\AdminProducto->__construct(Array)
#2 {main}

[2025-09-29 11:58:37] [2025-09-29 11:58:37] Uncaught: Models\Producto::__construct(): Argument #1 ($config) must be of type array, PDO given, called in C:\xampp\htdocs\Hieribal2\controllers\AdminProducto.php on line 22 in C:\xampp\htdocs\Hieribal2\models\Producto.php:10
Trace:
#0 C:\xampp\htdocs\Hieribal2\controllers\AdminProducto.php(22): Models\Producto->__construct(Object(PDO))
#1 C:\xampp\htdocs\Hieribal2\public\index.php(191): Controllers\AdminProducto->__construct(Array)
#2 {main}

[2025-09-29 11:58:42] [2025-09-29 11:58:42] Uncaught: Models\Producto::__construct(): Argument #1 ($config) must be of type array, PDO given, called in C:\xampp\htdocs\Hieribal2\controllers\AdminProducto.php on line 22 in C:\xampp\htdocs\Hieribal2\models\Producto.php:10
Trace:
#0 C:\xampp\htdocs\Hieribal2\controllers\AdminProducto.php(22): Models\Producto->__construct(Object(PDO))
#1 C:\xampp\htdocs\Hieribal2\public\index.php(191): Controllers\AdminProducto->__construct(Array)
#2 {main}

[2025-09-29 12:00:46] [2025-09-29 12:00:46] Uncaught: Models\Producto::__construct(): Argument #1 ($config) must be of type array, PDO given, called in C:\xampp\htdocs\Hieribal2\controllers\AdminProducto.php on line 22 in C:\xampp\htdocs\Hieribal2\models\Producto.php:10
Trace:
#0 C:\xampp\htdocs\Hieribal2\controllers\AdminProducto.php(22): Models\Producto->__construct(Object(PDO))
#1 C:\xampp\htdocs\Hieribal2\public\index.php(191): Controllers\AdminProducto->__construct(Array)
#2 {main}

[2025-09-29 12:02:02] [2025-09-29 12:02:02] Uncaught: Models\Producto::__construct(): Argument #1 ($config) must be of type array, PDO given, called in C:\xampp\htdocs\Hieribal2\controllers\AdminProducto.php on line 22 in C:\xampp\htdocs\Hieribal2\models\Producto.php:10
Trace:
#0 C:\xampp\htdocs\Hieribal2\controllers\AdminProducto.php(22): Models\Producto->__construct(Object(PDO))
#1 C:\xampp\htdocs\Hieribal2\public\index.php(191): Controllers\AdminProducto->__construct(Array)
#2 {main}

[2025-09-29 12:08:50] [2025-09-29 12:08:50] Uncaught: Models\Producto::__construct(): Argument #1 ($config) must be of type array, PDO given, called in C:\xampp\htdocs\Hieribal2\controllers\AdminProducto.php on line 22 in C:\xampp\htdocs\Hieribal2\models\Producto.php:10
Trace:
#0 C:\xampp\htdocs\Hieribal2\controllers\AdminProducto.php(22): Models\Producto->__construct(Object(PDO))
#1 C:\xampp\htdocs\Hieribal2\public\index.php(191): Controllers\AdminProducto->__construct(Array)
#2 {main}

[2025-09-29 12:12:34] [2025-09-29 12:12:34] Uncaught: Models\Producto::__construct(): Argument #1 ($config) must be of type array, PDO given, called in C:\xampp\htdocs\Hieribal2\controllers\AdminProducto.php on line 22 in C:\xampp\htdocs\Hieribal2\models\Producto.php:10
Trace:
#0 C:\xampp\htdocs\Hieribal2\controllers\AdminProducto.php(22): Models\Producto->__construct(Object(PDO))
#1 C:\xampp\htdocs\Hieribal2\public\index.php(191): Controllers\AdminProducto->__construct(Array)
#2 {main}

[2025-09-29 12:25:37] [2025-09-29 12:25:37] Uncaught: Models\Producto::__construct(): Argument #1 ($config) must be of type array, PDO given, called in C:\xampp\htdocs\Hieribal2\controllers\AdminProducto.php on line 22 in C:\xampp\htdocs\Hieribal2\models\Producto.php:10
Trace:
#0 C:\xampp\htdocs\Hieribal2\controllers\AdminProducto.php(22): Models\Producto->__construct(Object(PDO))
#1 C:\xampp\htdocs\Hieribal2\public\index.php(191): Controllers\AdminProducto->__construct(Array)
#2 {main}

[2025-09-29 12:25:41] [2025-09-29 12:25:41] Uncaught: Models\Producto::__construct(): Argument #1 ($config) must be of type array, PDO given, called in C:\xampp\htdocs\Hieribal2\controllers\AdminProducto.php on line 22 in C:\xampp\htdocs\Hieribal2\models\Producto.php:10
Trace:
#0 C:\xampp\htdocs\Hieribal2\controllers\AdminProducto.php(22): Models\Producto->__construct(Object(PDO))
#1 C:\xampp\htdocs\Hieribal2\public\index.php(191): Controllers\AdminProducto->__construct(Array)
#2 {main}

[2025-09-29 12:29:16] [2025-09-29 12:29:16] Uncaught: Models\Producto::__construct(): Argument #1 ($config) must be of type array, PDO given, called in C:\xampp\htdocs\Hieribal2\controllers\AdminProducto.php on line 22 in C:\xampp\htdocs\Hieribal2\models\Producto.php:10
Trace:
#0 C:\xampp\htdocs\Hieribal2\controllers\AdminProducto.php(22): Models\Producto->__construct(Object(PDO))
#1 C:\xampp\htdocs\Hieribal2\public\index.php(191): Controllers\AdminProducto->__construct(Array)
#2 {main}

[2025-09-29 12:31:54] [2025-09-29 12:31:54] Uncaught: Models\Producto::__construct(): Argument #1 ($config) must be of type array, PDO given, called in C:\xampp\htdocs\Hieribal2\controllers\AdminProducto.php on line 22 in C:\xampp\htdocs\Hieribal2\models\Producto.php:10
Trace:
#0 C:\xampp\htdocs\Hieribal2\controllers\AdminProducto.php(22): Models\Producto->__construct(Object(PDO))
#1 C:\xampp\htdocs\Hieribal2\public\index.php(191): Controllers\AdminProducto->__construct(Array)
#2 {main}

[2025-09-29 12:32:01] [2025-09-29 12:32:01] Uncaught: Models\Producto::__construct(): Argument #1 ($config) must be of type array, PDO given, called in C:\xampp\htdocs\Hieribal2\controllers\AdminProducto.php on line 22 in C:\xampp\htdocs\Hieribal2\models\Producto.php:10
Trace:
#0 C:\xampp\htdocs\Hieribal2\controllers\AdminProducto.php(22): Models\Producto->__construct(Object(PDO))
#1 C:\xampp\htdocs\Hieribal2\public\index.php(191): Controllers\AdminProducto->__construct(Array)
#2 {main}

[2025-09-29 12:40:58] [2025-09-29 12:40:58] Uncaught: Models\Usuario::__construct(): Argument #1 ($config) must be of type array, PDO given, called in C:\xampp\htdocs\Hieribal2\controllers\AdminDashboardController.php on line 28 in C:\xampp\htdocs\Hieribal2\models\Usuario.php:14
Trace:
#0 C:\xampp\htdocs\Hieribal2\controllers\AdminDashboardController.php(28): Models\Usuario->__construct(Object(PDO))
#1 C:\xampp\htdocs\Hieribal2\public\index.php(134): Controllers\AdminDashboardController->__construct(Array)
#2 {main}

[2025-09-29 12:49:12] [2025-09-29 12:49:12] Uncaught: Models\Producto::__construct(): Argument #1 ($config) must be of type array, PDO given, called in C:\xampp\htdocs\Hieribal2\controllers\AdminDashboardController.php on line 33 in C:\xampp\htdocs\Hieribal2\models\Producto.php:10
Trace:
#0 C:\xampp\htdocs\Hieribal2\controllers\AdminDashboardController.php(33): Models\Producto->__construct(Object(PDO))
#1 C:\xampp\htdocs\Hieribal2\public\index.php(134): Controllers\AdminDashboardController->__construct(Array)
#2 {main}

[2025-09-29 12:49:13] [2025-09-29 12:49:13] Uncaught: Models\Producto::__construct(): Argument #1 ($config) must be of type array, PDO given, called in C:\xampp\htdocs\Hieribal2\controllers\AdminDashboardController.php on line 33 in C:\xampp\htdocs\Hieribal2\models\Producto.php:10
Trace:
#0 C:\xampp\htdocs\Hieribal2\controllers\AdminDashboardController.php(33): Models\Producto->__construct(Object(PDO))
#1 C:\xampp\htdocs\Hieribal2\public\index.php(134): Controllers\AdminDashboardController->__construct(Array)
#2 {main}

[2025-09-29 12:49:14] [2025-09-29 12:49:14] Uncaught: Models\Producto::__construct(): Argument #1 ($config) must be of type array, PDO given, called in C:\xampp\htdocs\Hieribal2\controllers\AdminDashboardController.php on line 33 in C:\xampp\htdocs\Hieribal2\models\Producto.php:10
Trace:
#0 C:\xampp\htdocs\Hieribal2\controllers\AdminDashboardController.php(33): Models\Producto->__construct(Object(PDO))
#1 C:\xampp\htdocs\Hieribal2\public\index.php(134): Controllers\AdminDashboardController->__construct(Array)
#2 {main}

[2025-09-29 12:49:51] [2025-09-29 12:49:51] Uncaught: Models\Producto::__construct(): Argument #1 ($config) must be of type array, PDO given, called in C:\xampp\htdocs\Hieribal2\controllers\AdminDashboardController.php on line 33 in C:\xampp\htdocs\Hieribal2\models\Producto.php:10
Trace:
#0 C:\xampp\htdocs\Hieribal2\controllers\AdminDashboardController.php(33): Models\Producto->__construct(Object(PDO))
#1 C:\xampp\htdocs\Hieribal2\public\index.php(134): Controllers\AdminDashboardController->__construct(Array)
#2 {main}

[2025-09-29 12:49:52] [2025-09-29 12:49:52] Uncaught: Models\Producto::__construct(): Argument #1 ($config) must be of type array, PDO given, called in C:\xampp\htdocs\Hieribal2\controllers\AdminDashboardController.php on line 33 in C:\xampp\htdocs\Hieribal2\models\Producto.php:10
Trace:
#0 C:\xampp\htdocs\Hieribal2\controllers\AdminDashboardController.php(33): Models\Producto->__construct(Object(PDO))
#1 C:\xampp\htdocs\Hieribal2\public\index.php(134): Controllers\AdminDashboardController->__construct(Array)
#2 {main}

[2025-09-29 12:49:52] [2025-09-29 12:49:52] Uncaught: Models\Producto::__construct(): Argument #1 ($config) must be of type array, PDO given, called in C:\xampp\htdocs\Hieribal2\controllers\AdminDashboardController.php on line 33 in C:\xampp\htdocs\Hieribal2\models\Producto.php:10
Trace:
#0 C:\xampp\htdocs\Hieribal2\controllers\AdminDashboardController.php(33): Models\Producto->__construct(Object(PDO))
#1 C:\xampp\htdocs\Hieribal2\public\index.php(134): Controllers\AdminDashboardController->__construct(Array)
#2 {main}

[2025-09-29 12:49:55] [2025-09-29 12:49:55] Uncaught: Models\Producto::__construct(): Argument #1 ($config) must be of type array, PDO given, called in C:\xampp\htdocs\Hieribal2\controllers\AdminDashboardController.php on line 33 in C:\xampp\htdocs\Hieribal2\models\Producto.php:10
Trace:
#0 C:\xampp\htdocs\Hieribal2\controllers\AdminDashboardController.php(33): Models\Producto->__construct(Object(PDO))
#1 C:\xampp\htdocs\Hieribal2\public\index.php(134): Controllers\AdminDashboardController->__construct(Array)
#2 {main}

[2025-09-29 12:50:27] [2025-09-29 12:50:27] Uncaught: Models\Producto::__construct(): Argument #1 ($config) must be of type array, PDO given, called in C:\xampp\htdocs\Hieribal2\controllers\AdminDashboardController.php on line 33 in C:\xampp\htdocs\Hieribal2\models\Producto.php:10
Trace:
#0 C:\xampp\htdocs\Hieribal2\controllers\AdminDashboardController.php(33): Models\Producto->__construct(Object(PDO))
#1 C:\xampp\htdocs\Hieribal2\public\index.php(134): Controllers\AdminDashboardController->__construct(Array)
#2 {main}

[2025-09-29 12:50:27] [2025-09-29 12:50:27] Uncaught: Models\Producto::__construct(): Argument #1 ($config) must be of type array, PDO given, called in C:\xampp\htdocs\Hieribal2\controllers\AdminDashboardController.php on line 33 in C:\xampp\htdocs\Hieribal2\models\Producto.php:10
Trace:
#0 C:\xampp\htdocs\Hieribal2\controllers\AdminDashboardController.php(33): Models\Producto->__construct(Object(PDO))
#1 C:\xampp\htdocs\Hieribal2\public\index.php(134): Controllers\AdminDashboardController->__construct(Array)
#2 {main}

[2025-09-29 12:50:27] [2025-09-29 12:50:27] Uncaught: Models\Producto::__construct(): Argument #1 ($config) must be of type array, PDO given, called in C:\xampp\htdocs\Hieribal2\controllers\AdminDashboardController.php on line 33 in C:\xampp\htdocs\Hieribal2\models\Producto.php:10
Trace:
#0 C:\xampp\htdocs\Hieribal2\controllers\AdminDashboardController.php(33): Models\Producto->__construct(Object(PDO))
#1 C:\xampp\htdocs\Hieribal2\public\index.php(134): Controllers\AdminDashboardController->__construct(Array)
#2 {main}

[2025-09-29 12:50:28] [2025-09-29 12:50:28] Uncaught: Models\Producto::__construct(): Argument #1 ($config) must be of type array, PDO given, called in C:\xampp\htdocs\Hieribal2\controllers\AdminDashboardController.php on line 33 in C:\xampp\htdocs\Hieribal2\models\Producto.php:10
Trace:
#0 C:\xampp\htdocs\Hieribal2\controllers\AdminDashboardController.php(33): Models\Producto->__construct(Object(PDO))
#1 C:\xampp\htdocs\Hieribal2\public\index.php(134): Controllers\AdminDashboardController->__construct(Array)
#2 {main}

[2025-09-29 12:50:28] [2025-09-29 12:50:28] Uncaught: Models\Producto::__construct(): Argument #1 ($config) must be of type array, PDO given, called in C:\xampp\htdocs\Hieribal2\controllers\AdminDashboardController.php on line 33 in C:\xampp\htdocs\Hieribal2\models\Producto.php:10
Trace:
#0 C:\xampp\htdocs\Hieribal2\controllers\AdminDashboardController.php(33): Models\Producto->__construct(Object(PDO))
#1 C:\xampp\htdocs\Hieribal2\public\index.php(134): Controllers\AdminDashboardController->__construct(Array)
#2 {main}

[2025-09-29 12:51:36] [2025-09-29 12:51:36] Uncaught: Models\Producto::__construct(): Argument #1 ($config) must be of type array, PDO given, called in C:\xampp\htdocs\Hieribal2\controllers\AdminProducto.php on line 22 in C:\xampp\htdocs\Hieribal2\models\Producto.php:10
Trace:
#0 C:\xampp\htdocs\Hieribal2\controllers\AdminProducto.php(22): Models\Producto->__construct(Object(PDO))
#1 C:\xampp\htdocs\Hieribal2\public\index.php(191): Controllers\AdminProducto->__construct(Array)
#2 {main}

[2025-09-29 12:53:02] [2025-09-29 12:53:02] Uncaught: Models\Producto::__construct(): Argument #1 ($config) must be of type array, PDO given, called in C:\xampp\htdocs\Hieribal2\controllers\AdminProducto.php on line 22 in C:\xampp\htdocs\Hieribal2\models\Producto.php:10
Trace:
#0 C:\xampp\htdocs\Hieribal2\controllers\AdminProducto.php(22): Models\Producto->__construct(Object(PDO))
#1 C:\xampp\htdocs\Hieribal2\public\index.php(191): Controllers\AdminProducto->__construct(Array)
#2 {main}

[2025-09-29 12:59:53] [2025-09-29 12:59:53] Uncaught: Models\Producto::__construct(): Argument #1 ($config) must be of type array, PDO given, called in C:\xampp\htdocs\Hieribal2\controllers\AdminProducto.php on line 22 in C:\xampp\htdocs\Hieribal2\models\Producto.php:10
Trace:
#0 C:\xampp\htdocs\Hieribal2\controllers\AdminProducto.php(22): Models\Producto->__construct(Object(PDO))
#1 C:\xampp\htdocs\Hieribal2\public\index.php(191): Controllers\AdminProducto->__construct(Array)
#2 {main}

[2025-09-29 13:48:17] [2025-09-29 13:48:17] Uncaught: Models\Producto::__construct(): Argument #1 ($config) must be of type array, PDO given, called in C:\xampp\htdocs\Hieribal2\controllers\AdminProducto.php on line 22 in C:\xampp\htdocs\Hieribal2\models\Producto.php:10
Trace:
#0 C:\xampp\htdocs\Hieribal2\controllers\AdminProducto.php(22): Models\Producto->__construct(Object(PDO))
#1 C:\xampp\htdocs\Hieribal2\public\index.php(191): Controllers\AdminProducto->__construct(Array)
#2 {main}

[2025-09-29 13:49:16] [2025-09-29 13:49:16] Uncaught: Models\Producto::__construct(): Argument #1 ($config) must be of type array, PDO given, called in C:\xampp\htdocs\Hieribal2\controllers\AdminProducto.php on line 22 in C:\xampp\htdocs\Hieribal2\models\Producto.php:10
Trace:
#0 C:\xampp\htdocs\Hieribal2\controllers\AdminProducto.php(22): Models\Producto->__construct(Object(PDO))
#1 C:\xampp\htdocs\Hieribal2\public\index.php(191): Controllers\AdminProducto->__construct(Array)
#2 {main}

[2025-09-29 14:06:20] [2025-09-29 14:06:20] Uncaught: Models\Producto::__construct(): Argument #1 ($config) must be of type array, PDO given, called in C:\xampp\htdocs\Hieribal2\controllers\AdminProducto.php on line 22 in C:\xampp\htdocs\Hieribal2\models\Producto.php:10
Trace:
#0 C:\xampp\htdocs\Hieribal2\controllers\AdminProducto.php(22): Models\Producto->__construct(Object(PDO))
#1 C:\xampp\htdocs\Hieribal2\public\index.php(191): Controllers\AdminProducto->__construct(Array)
#2 {main}

[2025-09-29 14:06:36] [2025-09-29 14:06:36] Uncaught: Models\Producto::__construct(): Argument #1 ($config) must be of type array, PDO given, called in C:\xampp\htdocs\Hieribal2\controllers\AdminProducto.php on line 22 in C:\xampp\htdocs\Hieribal2\models\Producto.php:10
Trace:
#0 C:\xampp\htdocs\Hieribal2\controllers\AdminProducto.php(22): Models\Producto->__construct(Object(PDO))
#1 C:\xampp\htdocs\Hieribal2\public\index.php(191): Controllers\AdminProducto->__construct(Array)
#2 {main}

[2025-09-29 14:23:16] [2025-09-29 14:23:16] Uncaught: Models\Producto::__construct(): Argument #1 ($config) must be of type array, PDO given, called in C:\xampp\htdocs\Hieribal2\controllers\AdminProducto.php on line 22 in C:\xampp\htdocs\Hieribal2\models\Producto.php:10
Trace:
#0 C:\xampp\htdocs\Hieribal2\controllers\AdminProducto.php(22): Models\Producto->__construct(Object(PDO))
#1 C:\xampp\htdocs\Hieribal2\public\index.php(191): Controllers\AdminProducto->__construct(Array)
#2 {main}

[2025-09-29 14:23:28] [2025-09-29 14:23:28] Uncaught: Models\Producto::__construct(): Argument #1 ($config) must be of type array, PDO given, called in C:\xampp\htdocs\Hieribal2\controllers\AdminProducto.php on line 22 in C:\xampp\htdocs\Hieribal2\models\Producto.php:10
Trace:
#0 C:\xampp\htdocs\Hieribal2\controllers\AdminProducto.php(22): Models\Producto->__construct(Object(PDO))
#1 C:\xampp\htdocs\Hieribal2\public\index.php(191): Controllers\AdminProducto->__construct(Array)
#2 {main}

[2025-09-29 14:27:15] [2025-09-29 14:27:15] Uncaught: Models\Producto::__construct(): Argument #1 ($config) must be of type array, PDO given, called in C:\xampp\htdocs\Hieribal2\controllers\AdminProducto.php on line 22 in C:\xampp\htdocs\Hieribal2\models\Producto.php:10
Trace:
#0 C:\xampp\htdocs\Hieribal2\controllers\AdminProducto.php(22): Models\Producto->__construct(Object(PDO))
#1 C:\xampp\htdocs\Hieribal2\public\index.php(191): Controllers\AdminProducto->__construct(Array)
#2 {main}

[2025-09-29 14:43:05] [2025-09-29 14:43:05] Uncaught: Models\Producto::__construct(): Argument #1 ($config) must be of type array, PDO given, called in C:\xampp\htdocs\Hieribal2\controllers\AdminProducto.php on line 22 in C:\xampp\htdocs\Hieribal2\models\Producto.php:10
Trace:
#0 C:\xampp\htdocs\Hieribal2\controllers\AdminProducto.php(22): Models\Producto->__construct(Object(PDO))
#1 C:\xampp\htdocs\Hieribal2\public\index.php(191): Controllers\AdminProducto->__construct(Array)
#2 {main}

[2025-09-29 14:47:11] [2025-09-29 14:47:11] Uncaught: Models\Producto::__construct(): Argument #1 ($config) must be of type array, PDO given, called in C:\xampp\htdocs\Hieribal2\controllers\AdminProducto.php on line 22 in C:\xampp\htdocs\Hieribal2\models\Producto.php:10
Trace:
#0 C:\xampp\htdocs\Hieribal2\controllers\AdminProducto.php(22): Models\Producto->__construct(Object(PDO))
#1 C:\xampp\htdocs\Hieribal2\public\index.php(191): Controllers\AdminProducto->__construct(Array)
#2 {main}

[2025-09-29 14:49:57] [2025-09-29 14:49:57] Uncaught: Models\Producto::__construct(): Argument #1 ($config) must be of type array, PDO given, called in C:\xampp\htdocs\Hieribal2\controllers\AdminProducto.php on line 22 in C:\xampp\htdocs\Hieribal2\models\Producto.php:10
Trace:
#0 C:\xampp\htdocs\Hieribal2\controllers\AdminProducto.php(22): Models\Producto->__construct(Object(PDO))
#1 C:\xampp\htdocs\Hieribal2\public\index.php(191): Controllers\AdminProducto->__construct(Array)
#2 {main}

[2025-09-29 14:51:56] [2025-09-29 14:51:56] Uncaught: Models\Producto::__construct(): Argument #1 ($config) must be of type array, PDO given, called in C:\xampp\htdocs\Hieribal2\controllers\AdminProducto.php on line 22 in C:\xampp\htdocs\Hieribal2\models\Producto.php:10
Trace:
#0 C:\xampp\htdocs\Hieribal2\controllers\AdminProducto.php(22): Models\Producto->__construct(Object(PDO))
#1 C:\xampp\htdocs\Hieribal2\public\index.php(191): Controllers\AdminProducto->__construct(Array)
#2 {main}

[2025-09-29 14:59:35] [2025-09-29 14:59:35] Uncaught: Models\Producto::__construct(): Argument #1 ($config) must be of type array, PDO given, called in C:\xampp\htdocs\Hieribal2\controllers\AdminProducto.php on line 22 in C:\xampp\htdocs\Hieribal2\models\Producto.php:10
Trace:
#0 C:\xampp\htdocs\Hieribal2\controllers\AdminProducto.php(22): Models\Producto->__construct(Object(PDO))
#1 C:\xampp\htdocs\Hieribal2\public\index.php(191): Controllers\AdminProducto->__construct(Array)
#2 {main}

[2025-09-29 15:03:54] [2025-09-29 15:03:54] Uncaught: Models\Producto::__construct(): Argument #1 ($config) must be of type array, PDO given, called in C:\xampp\htdocs\Hieribal2\controllers\AdminProducto.php on line 22 in C:\xampp\htdocs\Hieribal2\models\Producto.php:10
Trace:
#0 C:\xampp\htdocs\Hieribal2\controllers\AdminProducto.php(22): Models\Producto->__construct(Object(PDO))
#1 C:\xampp\htdocs\Hieribal2\public\index.php(191): Controllers\AdminProducto->__construct(Array)
#2 {main}

[2025-09-29 15:06:55] [2025-09-29 15:06:55] Uncaught: Models\Producto::__construct(): Argument #1 ($config) must be of type array, PDO given, called in C:\xampp\htdocs\Hieribal2\controllers\AdminProducto.php on line 22 in C:\xampp\htdocs\Hieribal2\models\Producto.php:10
Trace:
#0 C:\xampp\htdocs\Hieribal2\controllers\AdminProducto.php(22): Models\Producto->__construct(Object(PDO))
#1 C:\xampp\htdocs\Hieribal2\public\index.php(191): Controllers\AdminProducto->__construct(Array)
#2 {main}

[2025-09-29 15:08:49] [2025-09-29 15:08:49] Uncaught: Models\Producto::__construct(): Argument #1 ($config) must be of type array, PDO given, called in C:\xampp\htdocs\Hieribal2\controllers\AdminProducto.php on line 22 in C:\xampp\htdocs\Hieribal2\models\Producto.php:10
Trace:
#0 C:\xampp\htdocs\Hieribal2\controllers\AdminProducto.php(22): Models\Producto->__construct(Object(PDO))
#1 C:\xampp\htdocs\Hieribal2\public\index.php(191): Controllers\AdminProducto->__construct(Array)
#2 {main}

[2025-09-29 15:09:26] [2025-09-29 15:09:26] Uncaught: Models\Producto::__construct(): Argument #1 ($config) must be of type array, PDO given, called in C:\xampp\htdocs\Hieribal2\controllers\AdminProducto.php on line 22 in C:\xampp\htdocs\Hieribal2\models\Producto.php:10
Trace:
#0 C:\xampp\htdocs\Hieribal2\controllers\AdminProducto.php(22): Models\Producto->__construct(Object(PDO))
#1 C:\xampp\htdocs\Hieribal2\public\index.php(191): Controllers\AdminProducto->__construct(Array)
#2 {main}

[2025-09-29 15:09:59] [2025-09-29 15:09:59] Uncaught: Models\Producto::__construct(): Argument #1 ($config) must be of type array, PDO given, called in C:\xampp\htdocs\Hieribal2\controllers\AdminProducto.php on line 22 in C:\xampp\htdocs\Hieribal2\models\Producto.php:10
Trace:
#0 C:\xampp\htdocs\Hieribal2\controllers\AdminProducto.php(22): Models\Producto->__construct(Object(PDO))
#1 C:\xampp\htdocs\Hieribal2\public\index.php(191): Controllers\AdminProducto->__construct(Array)
#2 {main}

[2025-09-29 15:16:07] [2025-09-29 15:16:07] Uncaught: Models\Producto::__construct(): Argument #1 ($config) must be of type array, PDO given, called in C:\xampp\htdocs\Hieribal2\controllers\AdminProducto.php on line 22 in C:\xampp\htdocs\Hieribal2\models\Producto.php:10
Trace:
#0 C:\xampp\htdocs\Hieribal2\controllers\AdminProducto.php(22): Models\Producto->__construct(Object(PDO))
#1 C:\xampp\htdocs\Hieribal2\public\index.php(191): Controllers\AdminProducto->__construct(Array)
#2 {main}

